// Jest Snapshot v1, https://goo.gl/fbAQLP

exports[`ProductItem renders correctly 1`] = `
<View
  style={
    Object {
      "flexDirection": "row",
      "height": 190,
    }
  }
>
  <Image
    source={
      Object {
        "uri": "https://static.openfoodfacts.org/images/products/325/798/025/2050/front_fr.7.400.jpg",
      }
    }
    style={
      Object {
        "height": 180,
        "margin": 5,
        "width": 120,
      }
    }
  />
  <View
    style={
      Object {
        "flex": 1,
        "margin": 5,
      }
    }
  >
    <View
      style={
        Object {
          "flex": 3,
          "flexDirection": "row",
        }
      }
    >
      <Text
        style={
          Object {
            "flex": 1,
            "flexWrap": "wrap",
            "fontSize": 20,
            "fontWeight": "bold",
            "paddingRight": 5,
          }
        }
      >
        Oeufs bio nature x6
      </Text>
      <Text
        style={
          Object {
            "color": "#666666",
            "fontSize": 20,
            "fontWeight": "bold",
          }
        }
      />
    </View>
    <View
      style={
        Object {
          "flex": 7,
        }
      }
    >
      <Text
        style={
          Object {
            "color": "#666666",
            "fontStyle": "italic",
          }
        }
      >
        Œufs de poules élevées en plein air
      </Text>
      <Text
        style={
          Object {
            "color": "#666666",
            "fontStyle": "italic",
          }
        }
      >
        Scanné : 
        1
         fois
      </Text>
    </View>
  </View>
</View>
`;
